Error : runner [default] : [werror] option not supported
Error : unsupported options were sent to runner. Aborting.
