---------------------------
------ RUNNING TESTS ------
---------------------------


##### suite1 #####

-- MockTest1:0 --
(1) [ERROR] expected check_equal( 10, 20 ) to succeed, but failed.
-- failed : out of 1 checks, 1 failed. --

-- MockTest4:1 --
-- passed : out of 1 checks, 0 failed. --


##### suite2:0 ##### (skipped)


##### suite2:10 #####

-- MockTest11:1 --
-- passed : out of 1 checks, 0 failed. --

-- MockTest12:0 -- (skipped)


-- MockTest13:0 --
(1) [ERROR] expected check_equal( 10, 20 ) to succeed, but failed.
-- failed : out of 1 checks, 1 failed. --


##### suite2:20 #####

-- MockTest21:1 --
-- passed : out of 1 checks, 0 failed. --

-- MockTest22:0 -- (skipped)


-- MockTest23:0 --
(1) [ERROR] expected check_equal( 10, 20 ) to succeed, but failed.
-- failed : out of 1 checks, 1 failed. --


##### suite3 #####

-- MockTest1:1 --
-- passed : out of 1 checks, 0 failed. --

-- MockTest4:1 --
-- passed : out of 1 checks, 0 failed. --


---------------------------
---------- FAILED ---------
ran : 8
failed : 3
skipped : 5
---------------------------
